Microchip MPLAB XC8 PIC(R) Assembler V2.46

Linker command line:

-W-3 --edf=/opt/microchip/xc8/v2.46/pic/dat/20240104201356_en.msgs -cs \
  -h+dist/default/debug/TP03.X.debug.sym \
  --cmf=dist/default/debug/TP03.X.debug.cmf -z -Q16F887 \
  -o/tmp/xcXjpiilj/driver_tmp_3.o --fixupoverflow=error \
  -ver=XC8 PIC(R) Assembler --fixupoverflow=lstwarn \
  -Mdist/default/debug/TP03.X.debug.map -E1 --acfsm=1493 -ACODE=00h-07FFhx4 \
  -ASTRCODE=00h-01FFFh -ASTRING=00h-0FFhx32 -ACONST=00h-0FFhx32 \
  -AENTRY=00h-0FFhx32 -ACOMMON=070h-07Fh -ABANK0=020h-06Fh \
  -ABANK1=0A0h-0EFh -ABANK2=0110h-016Fh -ABANK3=0190h-01EFh \
  -ARAM=020h-06Fh,0A0h-0EFh,0110h-016Fh,0190h-01EFh \
  -AABS1=020h-07Fh,0A0h-0EFh,0110h-016Fh,0190h-01EFh -ASFR0=00h-01Fh \
  -ASFR1=080h-09Fh -ASFR2=0100h-010Fh -ASFR3=0180h-018Fh \
  -ACONFIG=02007h-02008h -DCONFIG=2 -AIDLOC=02000h-02003h -DIDLOC=2 \
  -AEEDATA=00h-0FFh/02100h -DEEDATA=2 -DCODE=2 -DSTRCODE=2 -DSTRING=2 \
  -DCONST=2 -DENTRY=2 build/default/debug/main.o 

Object code version is 3.11

Machine type is 16F887



                Name                               Link     Load   Length Selector   Space Scale
build/default/debug/main.o
                config                             2007     2007        2        0       4
                resetVec                              0        0        3        0       0
                code                                3EE      3EE      412      7DC       0
                udata_shr                            70       70        9       70       1

TOTAL           Name                               Link     Load   Length     Space
        CLASS   CODE           
                resetVec                              0        0        3         0
                code                                3EE      3EE      412         0

        CLASS   STRCODE        

        CLASS   STRING         

        CLASS   CONST          

        CLASS   ENTRY          

        CLASS   COMMON         
                udata_shr                            70       70        9         1

        CLASS   BANK0          

        CLASS   BANK1          

        CLASS   BANK2          

        CLASS   BANK3          

        CLASS   RAM            

        CLASS   ABS1           

        CLASS   SFR0           

        CLASS   SFR1           

        CLASS   SFR2           

        CLASS   SFR3           

        CLASS   CONFIG         
                config                             2007     2007        2         4

        CLASS   IDLOC          

        CLASS   EEDATA         



SEGMENTS        Name                           Load    Length   Top    Selector   Space  Class     Delta

                code                           0003EE  000412  000800       7DC       0  CODE        2
                udata_shr                      000070  000009  000079        70       1  COMMON      1


UNUSED ADDRESS RANGES

        Name                Unused          Largest block    Delta
        BANK0            0020-006F             50           1
        BANK1            00A0-00EF             50           1
        BANK2            0110-016F             60           1
        BANK3            0190-01EF             60           1
        CODE             0003-03ED            3EB           2
                         0800-1FFF            800
        COMMON           0079-007F              7           1
        CONST            0003-03ED            100           2
                         0800-1FFF            100
        EEDATA           2100-21FF            100           2
        ENTRY            0003-03ED            100           2
                         0800-1FFF            100
        IDLOC            2000-2003              4           2
        RAM              0020-006F             50           1
                         00A0-00EF             50
                         0110-016F             60
                         0190-01EF             60
        SFR0             0006-001F             1A           1
        SFR1             0080-009F             20           1
        SFR2             0100-010F             10           1
        SFR3             0180-018F             10           1
        STRCODE          0003-03ED            3EB           2
                         0800-1FFF           1800
        STRING           0003-03ED            100           2
                         0800-1FFF            100

                                  Symbol Table

LSB_q           udata_shr    0075  LSB_r           udata_shr    0076
MSB_q           udata_shr    0077  MSB_r           udata_shr    0078
__H__absolute__ __absolute__ 0000  __Hcode         code         0000
__Hconfig       config       2009  __Hdata         data         0000
__Hedata        edata        0000  __HresetVec     resetVec     0000
__Hspace_0      (abs)        0800  __Hspace_1      (abs)        0079
__Hspace_3      (abs)        0000  __Hspace_4      (abs)        4010
__Hudata        udata        0000  __Hudata_bank0  udata_bank0  0000
__Hudata_bank1  udata_bank1  0000  __Hudata_bank2  udata_bank2  0000
__Hudata_bank3  udata_bank3  0000  __Hudata_shr    udata_shr    0000
__L__absolute__ __absolute__ 0000  __Lcode         code         0000
__Lconfig       config       0000  __Ldata         data         0000
__Ledata        edata        0000  __LresetVec     resetVec     0000
__Lspace_0      (abs)        0000  __Lspace_1      (abs)        0000
__Lspace_3      (abs)        0000  __Lspace_4      (abs)        0000
__Ludata        udata        0000  __Ludata_bank0  udata_bank0  0000
__Ludata_bank1  udata_bank1  0000  __Ludata_bank2  udata_bank2  0000
__Ludata_bank3  udata_bank3  0000  __Ludata_shr    udata_shr    0000
__S0            (abs)        0800  __S1            (abs)        0079
__S3            (abs)        0000  d               udata_shr    0070
i               udata_shr    0074  n               udata_shr    0071
q               udata_shr    0072  r               udata_shr    0073
